05-02 08:09:31.023 13650 13668 I TestRunner: started: mainActivity_showsHomeAndSavedScreensFromBottomNavigation(com.example.pricecart.PriceCartInstrumentedTest)
05-02 08:09:31.470  1904  2002 I .apps.wellbeing: AssetManager2(0x7a9195996098) locale list changing from [] to [en-US]
05-02 08:09:31.573  1904  2002 I .apps.wellbeing: AssetManager2(0x7a919597c0f8) locale list changing from [] to [en-US]
05-02 08:09:31.633  1904  2002 I .apps.wellbeing: AssetManager2(0x7a9195971e78) locale list changing from [] to [en-US]
05-02 08:09:31.821  1904  2002 I .apps.wellbeing: AssetManager2(0x7a9195982b38) locale list changing from [] to [en-US]
05-02 08:09:31.996  1904  2002 I .apps.wellbeing: AssetManager2(0x7a919597ca58) locale list changing from [] to [en-US]
05-02 08:09:32.014 13650 13668 W Settings: Setting always_finish_activities has moved from android.provider.Settings.System to android.provider.Settings.Global, returning read-only value.
05-02 08:09:32.078 13650 13668 E ashmem  : Pinning is deprecated since Android Q. Please use trim or other methods.
05-02 08:09:32.120  1904  2002 I .apps.wellbeing: AssetManager2(0x7a9195986698) locale list changing from [] to [en-US]
05-02 08:09:32.163  1904  2002 I .apps.wellbeing: AssetManager2(0x7a9195982818) locale list changing from [] to [en-US]
05-02 08:09:32.345  1904  2002 I .apps.wellbeing: AssetManager2(0x7a91959805b8) locale list changing from [] to [en-US]
05-02 08:09:32.410   719   738 I system_server: AssetManager2(0x7a9195a62eb8) locale list changing from [] to [en-US]
05-02 08:09:32.434   719   738 V GrammaticalInflectionUtils: AttributionSource: AttributionSource { uid = 10232, packageName = null, attributionTag = null, token = android.os.Binder@2786636, deviceId = 0, next = null } does not have READ_SYSTEM_GRAMMATICAL_GENDER permission.
05-02 08:09:32.543  1904  2002 I .apps.wellbeing: AssetManager2(0x7a9195986ff8) locale list changing from [] to [en-US]
05-02 08:09:32.630  1904  2002 I .apps.wellbeing: AssetManager2(0x7a9195990918) locale list changing from [] to [en-US]
05-02 08:09:32.894  1904  2002 I .apps.wellbeing: AssetManager2(0x7a9195987318) locale list changing from [] to [en-US]
05-02 08:09:32.927  1904  2002 I .apps.wellbeing: AssetManager2(0x7a9195978278) locale list changing from [] to [en-US]
05-02 08:09:33.261  1904  2002 I .apps.wellbeing: AssetManager2(0x7a9195974a38) locale list changing from [] to [en-US]
05-02 08:09:33.297  1904  2002 I .apps.wellbeing: AssetManager2(0x7a919596c3d8) locale list changing from [] to [en-US]
05-02 08:09:33.338   719  1161 D WifiClientModeImpl[106499:wlan0]: updateLinkLayerStatsRssiSpeedFrequencyCapabilities rssi=-50 TxLinkspeed=2 freq=2447 RxLinkSpeed=2
05-02 08:09:33.351   719  1161 D WifiDataStall: tx tput in kbps: 11000
05-02 08:09:33.369   719  1161 D WifiDataStall: rx tput in kbps: 11000
05-02 08:09:33.369   719  1161 V WifiConfigManager: Updating scan detail cache freq=2447 BSSID=00:13:10:85:fe:01 RSSI=-50 for "AndroidWifi"NONE
05-02 08:09:33.513   719   751 W system_server: Long monitor contention with owner binder:719_2 (738) at android.app.ActivityManager$RecentTaskInfo com.android.server.wm.AppTaskImpl.getTaskInfo()(AppTaskImpl.java:109) waiters=0 in void com.android.server.wm.RootWindowContainer$RankTaskLayersRunnable.run() for 852ms
05-02 08:09:33.540   719   752 W system_server: Long monitor contention with owner binder:719_2 (738) at android.app.ActivityManager$RecentTaskInfo com.android.server.wm.AppTaskImpl.getTaskInfo()(AppTaskImpl.java:109) waiters=1 in void com.android.server.wm.WindowAnimator.lambda$new$1(long) for 820ms
05-02 08:09:33.647   719  1161 D WifiThroughputPredictor:  utilization (LLS) 80 isBluetoothConnected: false final utilization: 80
05-02 08:09:33.675   719  1161 D WifiThroughputPredictor:  BW: 0 RSSI: -50 Nss: 1 Mode: 1 symDur: 4000 snrDb 30 bitPerTone: 4500 rate: 54 throughput: 11
05-02 08:09:33.675   719  1161 D WifiThroughputPredictor:  utilization (LLS) 80 isBluetoothConnected: false final utilization: 80
05-02 08:09:33.701   719  1161 D WifiThroughputPredictor:  BW: 0 RSSI: -50 Nss: 1 Mode: 1 symDur: 4000 snrDb 30 bitPerTone: 4500 rate: 54 throughput: 11
05-02 08:09:33.759   719   751 W system_server: Long monitor contention with owner android.anim (752) at void com.android.server.wm.WindowAnimator.lambda$new$1(long)(WindowAnimator.java:118) waiters=1 in void com.android.server.wm.ActivityTaskSupervisor$ActivityTaskSupervisorHandler.handleMessage(android.os.Message) for 106ms
05-02 08:09:33.774  1266  1387 I ndroid.systemui: AssetManager2(0x7a91959918b8) locale list changing from [] to [en-US]
05-02 08:09:33.842   719  1161 D WifiThroughputPredictor:  utilization (LLS) 80 isBluetoothConnected: false final utilization: 80
05-02 08:09:33.842   719  1161 D WifiThroughputPredictor:  BW: 0 RSSI: -50 Nss: 1 Mode: 1 symDur: 4000 snrDb 30 bitPerTone: 4500 rate: 54 throughput: 11
05-02 08:09:33.842   719  1161 D WifiThroughputPredictor:  utilization (LLS) 80 isBluetoothConnected: false final utilization: 80
05-02 08:09:33.843   719  1161 D WifiThroughputPredictor:  BW: 0 RSSI: -50 Nss: 1 Mode: 1 symDur: 4000 snrDb 30 bitPerTone: 4500 rate: 54 throughput: 11
05-02 08:09:33.843   719  1161 D WifiScoreCard: BSSID update SIGNAL_POLL ID: 1429799060 SSID: "AndroidWifi", BSSID: 00:13:10:85:fe:01, MAC: 02:15:b2:00:00:00, IP: /10.0.2.16, Security type: 0, Supplicant state: COMPLETED, Wi-Fi standard: legacy, RSSI: -50, Link speed: 2Mbps, Tx Link speed: 2Mbps, Max Supported Tx Link speed: 11Mbps, Rx Link speed: 2Mbps, Max Supported Rx Link speed: 11Mbps, Frequency: 2447MHz, Net ID: 0, Metered hint: false, score: 60, isUsable: true, CarrierMerged: false, SubscriptionId: -1, IsPrimary: 1, Trusted: true, Restricted: false, Ephemeral: false, OEM paid: false, OEM private: false, OSU AP: false, FQDN: <none>, Provider friendly name: <none>, Requesting package name: <none>"AndroidWifi"openMLO Information: , Is TID-To-Link negotiation supported by the AP: false, AP MLD Address: <none>, AP MLO Link Id: <none>, AP MLO Affiliated links: <none>, Vendor Data: <none>
05-02 08:09:33.877  1904  2002 I .apps.wellbeing: AssetManager2(0x7a91959869b8) locale list changing from [] to [en-US]
05-02 08:09:33.900   719  1161 D WifiScoreCard: txRate: 1 txSpeed: 2
05-02 08:09:33.900   719  1161 D WifiScoreCard: network update SIGNAL_POLL "AndroidWifi" ID: 1630387804 RSSI -50 txSpeed -1
05-02 08:09:33.901   719  1161 D WifiClientModeImpl[106499:wlan0]:  ClientModeImpl$L2ConnectedState screen=on 4 0 "AndroidWifi" 00:13:10:85:fe:01 rssi=-50 f=2447 sc=60 link=2 tx=0.0, 0.0, 0.0 rx=0.0 bcn=0 [on:0 tx:0 rx:0 period:3649] from screen [on:0 period:-389086644] score=60
05-02 08:09:33.962  1545  1545 W SplitSelectStateCtor: Missing session instanceIds
05-02 08:09:33.962  1545  1545 D StatsLog: LAUNCHER_SPLIT_SELECTION_EXIT_INTERRUPTED
05-02 08:09:34.077  1904  2002 I .apps.wellbeing: AssetManager2(0x7a9195976338) locale list changing from [] to [en-US]
05-02 08:09:34.337   719  1246 W system_server: Long monitor contention with owner android.display (751) at void com.android.server.wm.ActivityRecord$1.run()(ActivityRecord.java:926) waiters=1 in float com.android.server.wm.WindowManagerService.getCurrentAnimatorScale() for 185ms
05-02 08:09:34.434 13650 13650 I ample.pricecart: AssetManager2(0x7a919596f8f8) locale list changing from [] to [en-US]
05-02 08:09:34.450   719   751 W IPCThreadState: Sending oneway calls to frozen process.
05-02 08:09:34.452   719   751 W IPCThreadState: Sending oneway calls to frozen process.
05-02 08:09:34.453   719   751 W IPCThreadState: Sending oneway calls to frozen process.
05-02 08:09:34.459   719   751 W IPCThreadState: Sending oneway calls to frozen process.
05-02 08:09:34.462   719   751 W IPCThreadState: Sending oneway calls to frozen process.
05-02 08:09:34.467   719   751 W IPCThreadState: Sending oneway calls to frozen process.
05-02 08:09:34.469   719   751 W IPCThreadState: Sending oneway calls to frozen process.
05-02 08:09:34.471   719   751 W IPCThreadState: Sending oneway calls to frozen process.
05-02 08:09:34.485   719   751 W IPCThreadState: Sending oneway calls to frozen process.
05-02 08:09:34.488   719   751 W IPCThreadState: Sending oneway calls to frozen process.
05-02 08:09:34.489   719   751 W IPCThreadState: Sending oneway calls to frozen process.
05-02 08:09:34.503   719   751 W IPCThreadState: Sending oneway calls to frozen process.
05-02 08:09:34.510   719   751 W IPCThreadState: Sending oneway calls to frozen process.
05-02 08:09:34.515   719   751 W IPCThreadState: Sending oneway calls to frozen process.
05-02 08:09:34.517   719   751 W IPCThreadState: Sending oneway calls to frozen process.
05-02 08:09:34.556   719   751 W IPCThreadState: Sending oneway calls to frozen process.
05-02 08:09:34.586   719   751 W IPCThreadState: Sending oneway calls to frozen process.
05-02 08:09:34.613   481   516 I netd    : tetherGetStats() -> {[]} <6.92ms>
05-02 08:09:34.614  1266  1388 D SplashScreenView: Build android.window.SplashScreenView{97c86c1 V.E...... ......ID 0,0-0,0}
05-02 08:09:34.614  1266  1388 D SplashScreenView: Icon: view: null drawable: null size: 0
05-02 08:09:34.614  1266  1388 D SplashScreenView: Branding: view: android.view.View{55a5e66 G.ED..... ......I. 0,0-0,0 #1020541 android:id/splashscreen_branding_view} drawable: null size w: 0 h: 0
05-02 08:09:34.714   560   560 I BpBinder: onLastStrongRef automatically unlinking death recipients:
05-02 08:09:34.957   719   751 W IPCThreadState: Sending oneway calls to frozen process.
05-02 08:09:35.093   719   751 W IPCThreadState: Sending oneway calls to frozen process.
05-02 08:09:35.094   719   751 W IPCThreadState: Sending oneway calls to frozen process.
05-02 08:09:35.095   719   751 W IPCThreadState: Sending oneway calls to frozen process.
05-02 08:09:35.203   719  2405 W system_server: Long monitor contention with owner android.anim (752) at void com.android.server.wm.WindowAnimator.lambda$new$1(long)(WindowAnimator.java:118) waiters=1 in android.app.ActivityTaskManager$RootTaskInfo com.android.server.wm.ActivityTaskManagerService.getRootTaskInfo(int, int) for 204ms
05-02 08:09:35.367   719   751 W IPCThreadState: Sending oneway calls to frozen process.
05-02 08:09:35.383   719   751 W IPCThreadState: Sending oneway calls to frozen process.
05-02 08:09:35.589   719   738 W system_server: Long monitor contention with owner android.anim (752) at void com.android.server.wm.WindowAnimator.lambda$new$1(long)(WindowAnimator.java:118) waiters=0 in int com.android.server.wm.WindowManagerService.addWindow(com.android.server.wm.Session, android.view.IWindow, android.view.WindowManager$LayoutParams, int, int, int, int, android.view.InputChannel, android.view.InsetsState, android.view.InsetsSourceControl$Array, android.graphics.Rect, float[]) for 639ms
05-02 08:09:35.625   719   751 W IPCThreadState: Sending oneway calls to frozen process.
05-02 08:09:35.686  1486  1768 D SatelliteController: iisInCarrierRoamingNbIotNtn: satellite is disabled
05-02 08:09:35.838   719   751 W IPCThreadState: Sending oneway calls to frozen process.
05-02 08:09:35.928   719   751 W IPCThreadState: Sending oneway calls to frozen process.
05-02 08:09:35.929   719   751 W IPCThreadState: Sending oneway calls to frozen process.
05-02 08:09:35.929   719   751 W IPCThreadState: Sending oneway calls to frozen process.
05-02 08:09:35.982   719   751 W IPCThreadState: Sending oneway calls to frozen process.
05-02 08:09:35.983   719   751 W IPCThreadState: Sending oneway calls to frozen process.
05-02 08:09:36.044  1545  1545 I Choreographer: Skipped 55 frames!  The application may be doing too much work on its main thread.
05-02 08:09:36.059   719   751 W IPCThreadState: Sending oneway calls to frozen process.
05-02 08:09:36.070   719  2405 W system_server: Long monitor contention with owner android.anim (752) at void com.android.server.wm.WindowAnimator.lambda$new$1(long)(WindowAnimator.java:118) waiters=1 in android.app.ActivityTaskManager$RootTaskInfo com.android.server.wm.ActivityTaskManagerService.getRootTaskInfo(int, int) for 794ms
05-02 08:09:36.247   719   751 W IPCThreadState: Sending oneway calls to frozen process.
05-02 08:09:36.257  1545  4220 I HWUI    : Davey! duration=1365ms; Flags=0, FrameTimelineVsyncId=153865, IntendedVsync=45493706360850, Vsync=45493723027516, InputEventId=0, HandleInputStart=45493731787700, AnimationStart=45493731828400, PerformTraversalsStart=45493790025700, DrawStart=45493807315900, FrameDeadline=45493723027516, FrameStartTime=45493731758700, FrameInterval=16666666, WorkloadTarget=16666666, SyncQueued=45493852862900, SyncStart=45493990059900, IssueDrawCommandsStart=45494004712800, SwapBuffers=45495159615500, FrameCompleted=45495209341400, DequeueBufferDuration=744700, QueueBufferDuration=4049300, GpuCompleted=45495208265000, SwapBuffersCompleted=45495209341400, DisplayPresentTime=0, CommandSubmissionCompleted=45495159615500,
05-02 08:09:36.290   719   751 W IPCThreadState: Sending oneway calls to frozen process.
05-02 08:09:36.305   719   751 W IPCThreadState: Sending oneway calls to frozen process.
05-02 08:09:36.353  1904  2002 I .apps.wellbeing: AssetManager2(0x7a9195984d98) locale list changing from [] to [en-US]
05-02 08:09:36.410  1266  1387 I Choreographer: Skipped 100 frames!  The application may be doing too much work on its main thread.
05-02 08:09:36.444 13650 13650 W ample.pricecart: Verification of void androidx.fragment.app.FragmentManager.<init>() took 124.508ms (1413.56 bytecodes/s) (0B arena alloc)
05-02 08:09:36.481   719   751 W IPCThreadState: Sending oneway calls to frozen process.
05-02 08:09:36.781  1904  2002 I .apps.wellbeing: AssetManager2(0x7a919598f338) locale list changing from [] to [en-US]
05-02 08:09:36.794   719   751 W IPCThreadState: Sending oneway calls to frozen process.
05-02 08:09:36.798   719   751 W IPCThreadState: Sending oneway calls to frozen process.
05-02 08:09:36.802   719   751 W IPCThreadState: Sending oneway calls to frozen process.
05-02 08:09:36.812   719   751 W IPCThreadState: Sending oneway calls to frozen process.
05-02 08:09:36.853   719   752 W system_server: Long monitor contention with owner binder:719_20 (2414) at int com.android.server.wm.WindowManagerService.relayoutWindow(com.android.server.wm.Session, android.view.IWindow, android.view.WindowManager$LayoutParams, int, int, int, int, int, int, android.view.WindowRelayoutResult)(WindowManagerService.java:2771) waiters=1 in void com.android.server.wm.InputMonitor$UpdateInputWindows.run() for 239ms
05-02 08:09:36.894   719   751 W IPCThreadState: Sending oneway calls to frozen process.
05-02 08:09:36.960   719  1161 D WifiClientModeImpl[106499:wlan0]: updateLinkLayerStatsRssiSpeedFrequencyCapabilities rssi=-50 TxLinkspeed=2 freq=2447 RxLinkSpeed=2
05-02 08:09:36.963   719  1161 D WifiDataStall: tx tput in kbps: 11000
05-02 08:09:37.018   719  1161 D WifiDataStall: rx tput in kbps: 11000
05-02 08:09:37.035   719  1161 V WifiConfigManager: Updating scan detail cache freq=2447 BSSID=00:13:10:85:fe:01 RSSI=-50 for "AndroidWifi"NONE
05-02 08:09:37.054   719  1161 D WifiThroughputPredictor:  utilization (LLS) 80 isBluetoothConnected: false final utilization: 80
05-02 08:09:37.055   719  1161 D WifiThroughputPredictor:  BW: 0 RSSI: -50 Nss: 1 Mode: 1 symDur: 4000 snrDb 30 bitPerTone: 4500 rate: 54 throughput: 11
05-02 08:09:37.061   719  1161 D WifiThroughputPredictor:  utilization (LLS) 80 isBluetoothConnected: false final utilization: 80
05-02 08:09:37.061   719  1161 D WifiThroughputPredictor:  BW: 0 RSSI: -50 Nss: 1 Mode: 1 symDur: 4000 snrDb 30 bitPerTone: 4500 rate: 54 throughput: 11
05-02 08:09:37.064   719   751 W IPCThreadState: Sending oneway calls to frozen process.
05-02 08:09:37.065  1266  1279 I HWUI    : Davey! duration=2152ms; Flags=1, FrameTimelineVsyncId=153887, IntendedVsync=45493973027506, Vsync=45495639694106, InputEventId=0, HandleInputStart=45495649973000, AnimationStart=45495651213900, PerformTraversalsStart=45495651585400, DrawStart=45496032037000, FrameDeadline=45493989694172, FrameStartTime=45495647624800, FrameInterval=16666666, WorkloadTarget=16666666, SyncQueued=45496065847300, SyncStart=45496132242500, IssueDrawCommandsStart=45496157612300, SwapBuffers=45496171557400, FrameCompleted=45496192175900, DequeueBufferDuration=40200, QueueBufferDuration=7662700, GpuCompleted=45496186516400, SwapBuffersCompleted=45496192175900, DisplayPresentTime=0, CommandSubmissionCompleted=45496171557400,
05-02 08:09:37.106  1266  1387 I Choreographer: Skipped 36 frames!  The application may be doing too much work on its main thread.
05-02 08:09:37.163 13650 13650 W ample.pricecart: Verification of void androidx.fragment.app.FragmentStore.restoreAddedFragments(java.util.List) took 127.780ms (829.54 bytecodes/s) (0B arena alloc)
05-02 08:09:37.172  1904  2002 I .apps.wellbeing: AssetManager2(0x7a91959837b8) locale list changing from [] to [en-US]
05-02 08:09:37.209   719   751 W IPCThreadState: Sending oneway calls to frozen process.
05-02 08:09:37.209   719  1161 D WifiThroughputPredictor:  utilization (LLS) 80 isBluetoothConnected: false final utilization: 80
05-02 08:09:37.210   719   751 W IPCThreadState: Sending oneway calls to frozen process.
05-02 08:09:37.215   719   751 W IPCThreadState: Sending oneway calls to frozen process.
05-02 08:09:37.218   719   751 W IPCThreadState: Sending oneway calls to frozen process.
05-02 08:09:37.219   719   751 W IPCThreadState: Sending oneway calls to frozen process.
05-02 08:09:37.221  1904  2002 I .apps.wellbeing: AssetManager2(0x7a919598c138) locale list changing from [] to [en-US]
05-02 08:09:37.221   719   751 W IPCThreadState: Sending oneway calls to frozen process.
05-02 08:09:37.224   719   757 W system_server: Long monitor contention with owner android.display (751) at void com.android.server.am.ActivityManagerService.trimApplications(boolean, int)(ActivityManagerService.java:15819) waiters=0 in boolean com.android.server.am.BroadcastQueueImpl.lambda$new$0(android.os.Message) for 2.754s
05-02 08:09:37.274   719  1160 W system_server: Long monitor contention with owner android.display (751) at void com.android.server.am.OomAdjuster.updateOomAdjLocked(int)(OomAdjuster.java:618) waiters=0 in void com.android.server.am.ActivityManagerService$LocalService.notifyNetworkPolicyRulesUpdated(int, long) for 2.805s
05-02 08:09:37.288   719  1161 D WifiThroughputPredictor:  BW: 0 RSSI: -50 Nss: 1 Mode: 1 symDur: 4000 snrDb 30 bitPerTone: 4500 rate: 54 throughput: 11
05-02 08:09:37.290   719  1161 D WifiThroughputPredictor:  utilization (LLS) 80 isBluetoothConnected: false final utilization: 80
05-02 08:09:37.294   719  1161 D WifiThroughputPredictor:  BW: 0 RSSI: -50 Nss: 1 Mode: 1 symDur: 4000 snrDb 30 bitPerTone: 4500 rate: 54 throughput: 11
05-02 08:09:37.298   719  1161 D WifiScoreCard: BSSID update SIGNAL_POLL ID: 1429799060 SSID: "AndroidWifi", BSSID: 00:13:10:85:fe:01, MAC: 02:15:b2:00:00:00, IP: /10.0.2.16, Security type: 0, Supplicant state: COMPLETED, Wi-Fi standard: legacy, RSSI: -50, Link speed: 2Mbps, Tx Link speed: 2Mbps, Max Supported Tx Link speed: 11Mbps, Rx Link speed: 2Mbps, Max Supported Rx Link speed: 11Mbps, Frequency: 2447MHz, Net ID: 0, Metered hint: false, score: 60, isUsable: true, CarrierMerged: false, SubscriptionId: -1, IsPrimary: 1, Trusted: true, Restricted: false, Ephemeral: false, OEM paid: false, OEM private: false, OSU AP: false, FQDN: <none>, Provider friendly name: <none>, Requesting package name: <none>"AndroidWifi"openMLO Information: , Is TID-To-Link negotiation supported by the AP: false, AP MLD Address: <none>, AP MLO Link Id: <none>, AP MLO Affiliated links: <none>, Vendor Data: <none>
05-02 08:09:37.341  1904  2002 I .apps.wellbeing: AssetManager2(0x7a9195981878) locale list changing from [] to [en-US]
05-02 08:09:37.341   719  1161 D WifiScoreCard: txRate: 1 txSpeed: 2
05-02 08:09:37.342   719  1161 D WifiScoreCard: network update SIGNAL_POLL "AndroidWifi" ID: 1630387804 RSSI -50 txSpeed -1
05-02 08:09:37.342   719  1161 D WifiClientModeImpl[106499:wlan0]:  ClientModeImpl$L2ConnectedState screen=on 4 0 "AndroidWifi" 00:13:10:85:fe:01 rssi=-50 f=2447 sc=60 link=2 tx=0.0, 0.0, 0.0 rx=0.0 bcn=0 [on:0 tx:0 rx:0 period:3424] from screen [on:0 period:-389083202] score=60
05-02 08:09:37.346   719  1246 W system_server: Long monitor contention with owner android.display (751) at void com.android.server.am.ActivityManagerService.trimApplications(boolean, int)(ActivityManagerService.java:15819) waiters=1 in void com.android.server.am.ContentProviderHelper.removeContentProvider(android.os.IBinder, boolean) for 2.718s
05-02 08:09:37.483   719  2240 W system_server: Long monitor contention with owner android.display (751) at void com.android.server.am.ActivityManagerService.trimApplications(boolean, int)(ActivityManagerService.java:15819) waiters=2 in void com.android.server.am.ActivityManagerService.setHasTopUi(boolean) for 2.196s
05-02 08:09:37.591   719  1383 W system_server: Long monitor contention with owner android.display (751) at void com.android.server.am.ActivityManagerService.trimApplications(boolean, int)(ActivityManagerService.java:15819) waiters=3 in int com.android.server.am.BroadcastController.broadcastIntentWithFeature(android.app.IApplicationThread, java.lang.String, android.content.Intent, java.lang.String, android.content.IIntentReceiver, int, java.lang.String, android.os.Bundle, java.lang.String[], java.lang.String[], java.lang.String[], int, android.os.Bundle, boolean, boolean, int) for 1.845s
05-02 08:09:37.613 13650 13670 I EGL_emulation: Opening libGLESv1_CM_emulation.so
05-02 08:09:37.613   481   516 I netd    : tetherGetStats() -> {[]} <12.51ms>
05-02 08:09:37.620 13650 13670 I EGL_emulation: Opening libGLESv2_emulation.so
05-02 08:09:37.670 13650 13670 W HWUI    : Failed to choose config with EGL_SWAP_BEHAVIOR_PRESERVED, retrying without...
05-02 08:09:37.673 13650 13670 W HWUI    : Failed to initialize 101010-2 format, error = EGL_SUCCESS
05-02 08:09:37.674   719   745 W system_server: Long monitor contention with owner android.display (751) at void com.android.server.am.ActivityManagerService.trimApplications(boolean, int)(ActivityManagerService.java:15819) waiters=4 in void com.android.server.am.ActivityManagerService.monitor() for 907ms
05-02 08:09:37.757   638   707 W IPCThreadState: Sending oneway calls to frozen process.
05-02 08:09:37.819  1904  2002 I .apps.wellbeing: AssetManager2(0x7a919597a1b8) locale list changing from [] to [en-US]
05-02 08:09:37.959  1904  2002 I .apps.wellbeing: AssetManager2(0x7a9195983ad8) locale list changing from [] to [en-US]
05-02 08:09:38.209  1904  2002 I .apps.wellbeing: AssetManager2(0x7a9195979e98) locale list changing from [] to [en-US]
05-02 08:09:38.213 13650 13650 D AppCompatDelegate: Checking for metadata for AppLocalesMetadataHolderService : Service not found
05-02 08:09:38.214 13650 13650 I ample.pricecart: AssetManager2(0x7a9195972e18) locale list changing from [] to [en-US]
05-02 08:09:38.425  1545  1545 D VRI[NexusLauncherActivity]: visibilityChanged oldVisibility=true newVisibility=false
05-02 08:09:38.642  1545  1545 D NexusLauncherModelDelegate: notifySmartspaceEvent: SmartspaceTargetEvent{mSmartspaceTarget=null, mSmartspaceActionId='null', mEventType=7}
05-02 08:09:39.000  1545  2168 D SharedPreferencesImpl: Time required to fsync /data/user/0/com.google.android.apps.nexuslauncher/shared_prefs/com.android.launcher3.prefs.xml: [<1: 0, <2: 0, <4: 0, <8: 3, <16: 15, <32: 18, <64: 21, <128: 8, <256: 6, <512: 1, <1024: 1, <2048: 0, <4096: 0, <8192: 0, <16384: 0, >=16384: 0]
05-02 08:09:39.026   719  2405 W system_server: Long monitor contention with owner android.anim (752) at void com.android.server.wm.WindowAnimator.lambda$animate$2(java.util.ArrayList)(WindowAnimator.java:212) waiters=0 in int com.android.server.wm.ActivityTaskManagerService.getLastResumedActivityUserId() for 392ms
05-02 08:09:39.035 13650 13650 D LifecycleMonitor: Lifecycle status change: com.example.pricecart.main.MainActivity@c659437 in: PRE_ON_CREATE
05-02 08:09:39.038 13650 13650 V ActivityScenario: Activity lifecycle changed event received but ignored because the reported transition was not ON_CREATE while the last known transition was PRE_ON_CREATE
05-02 08:09:39.168  1545  1545 I Choreographer: Skipped 31 frames!  The application may be doing too much work on its main thread.
05-02 08:09:40.160 13650 13650 W ample.pricecart: JNI critical lock held for 21.915ms on Thread[1,tid=13650,Runnable,Thread*=0x7a910595b7b0,peer=0x72510f98,"main"]
05-02 08:09:40.348   719  1161 D WifiNetworkSelector: Current connected network: 0
05-02 08:09:40.362   719  1161 V WifiConnectivityManager: No full band scan because current network is sufficient
05-02 08:09:40.363   719  1161 V WifiConnectivityManager: schedulePeriodicScanTimer intervalMs 160000
05-02 08:09:40.370   719  1169 I WifiScanningService: Registering listener= com.android.server.wifi.scanner.WifiScannerInternal$ScanListener@e500196 uid=1000 packageName=null workSource=WorkSource{1000}
05-02 08:09:40.370   719  1169 I WifiScanningService: start scan: ClientInfo[uid=1000, package=null, attributionTag=null, com.android.server.wifi.scanner.WifiScannerInternal$ScanListener@e500196] package null AttributionTag null
05-02 08:09:40.371   719  1169 I WifiScanningService: addSingleScanRequest: ClientInfo[uid=1000, package=null, attributionTag=null, com.android.server.wifi.scanner.WifiScannerInternal$ScanListener@e500196],WorkSource{1010}, ScanSettings {  type:HIGH ACCURACY band:unspecified ignoreLocationSettings:false period:0 reportEvents:3 numBssidsPerScan:0 maxScansToCache:0 rnrSetting:2 6GhzPscOnlyEnabled:false channels:[ 2447  ]  }
05-02 08:09:40.395   719  1161 D WifiClientModeImpl[106499:wlan0]: updateLinkLayerStatsRssiSpeedFrequencyCapabilities rssi=-50 TxLinkspeed=2 freq=2447 RxLinkSpeed=2
05-02 08:09:40.414   719  1169 D WifiScanningService: replySucceeded onSuccess
05-02 08:09:40.427   719  1161 D WifiDataStall: tx tput in kbps: 11000
05-02 08:09:40.427   719  1161 D WifiDataStall: rx tput in kbps: 11000
05-02 08:09:40.427   719  1161 V WifiConfigManager: Updating scan detail cache freq=2447 BSSID=00:13:10:85:fe:01 RSSI=-50 for "AndroidWifi"NONE
05-02 08:09:40.429   719  1161 D WifiThroughputPredictor:  utilization (LLS) 80 isBluetoothConnected: false final utilization: 80
05-02 08:09:40.430   719  1161 D WifiThroughputPredictor:  BW: 0 RSSI: -50 Nss: 1 Mode: 1 symDur: 4000 snrDb 30 bitPerTone: 4500 rate: 54 throughput: 11
05-02 08:09:40.430   719  1161 D WifiThroughputPredictor:  utilization (LLS) 80 isBluetoothConnected: false final utilization: 80
05-02 08:09:40.430   719  1161 D WifiThroughputPredictor:  BW: 0 RSSI: -50 Nss: 1 Mode: 1 symDur: 4000 snrDb 30 bitPerTone: 4500 rate: 54 throughput: 11
05-02 08:09:40.430   719  1161 D WifiThroughputPredictor:  utilization (LLS) 80 isBluetoothConnected: false final utilization: 80
05-02 08:09:40.430   719  1161 D WifiThroughputPredictor:  BW: 0 RSSI: -50 Nss: 1 Mode: 1 symDur: 4000 snrDb 30 bitPerTone: 4500 rate: 54 throughput: 11
05-02 08:09:40.431   719  1161 D WifiThroughputPredictor:  utilization (LLS) 80 isBluetoothConnected: false final utilization: 80
05-02 08:09:40.452   719  1161 D WifiThroughputPredictor:  BW: 0 RSSI: -50 Nss: 1 Mode: 1 symDur: 4000 snrDb 30 bitPerTone: 4500 rate: 54 throughput: 11
05-02 08:09:40.453   719  1161 D WifiScoreCard: BSSID update SIGNAL_POLL ID: 1429799060 SSID: "AndroidWifi", BSSID: 00:13:10:85:fe:01, MAC: 02:15:b2:00:00:00, IP: /10.0.2.16, Security type: 0, Supplicant state: COMPLETED, Wi-Fi standard: legacy, RSSI: -50, Link speed: 2Mbps, Tx Link speed: 2Mbps, Max Supported Tx Link speed: 11Mbps, Rx Link speed: 2Mbps, Max Supported Rx Link speed: 11Mbps, Frequency: 2447MHz, Net ID: 0, Metered hint: false, score: 60, isUsable: true, CarrierMerged: false, SubscriptionId: -1, IsPrimary: 1, Trusted: true, Restricted: false, Ephemeral: false, OEM paid: false, OEM private: false, OSU AP: false, FQDN: <none>, Provider friendly name: <none>, Requesting package name: <none>"AndroidWifi"openMLO Information: , Is TID-To-Link negotiation supported by the AP: false, AP MLD Address: <none>, AP MLO Link Id: <none>, AP MLO Affiliated links: <none>, Vendor Data: <none>
05-02 08:09:40.453   719  1161 D WifiScoreCard: txRate: 1 txSpeed: 2
05-02 08:09:40.454   719  1161 D WifiScoreCard: network update SIGNAL_POLL "AndroidWifi" ID: 1630387804 RSSI -50 txSpeed -1
05-02 08:09:40.454   719  1161 D WifiClientModeImpl[106499:wlan0]:  ClientModeImpl$L2ConnectedState screen=on 4 0 "AndroidWifi" 00:13:10:85:fe:01 rssi=-50 f=2447 sc=60 link=2 tx=0.0, 0.0, 0.0 rx=0.0 bcn=0 [on:0 tx:0 rx:0 period:3079] from screen [on:0 period:-389080090] score=60
05-02 08:09:40.566  1535  1535 D wpa_supplicant: nl80211: Drv Event 33 (NL80211_CMD_TRIGGER_SCAN) received for wlan0
05-02 08:09:40.606  1535  1535 D wpa_supplicant: wlan0: nl80211: Scan trigger
05-02 08:09:40.627  1535  1535 D wpa_supplicant: wlan0: Event SCAN_STARTED (47) received
05-02 08:09:40.641  1535  1535 D wpa_supplicant: wlan0: External program started a scan
05-02 08:09:40.667  1535  1535 D wpa_supplicant: nl80211: Drv Event 34 (NL80211_CMD_NEW_SCAN_RESULTS) received for wlan0
05-02 08:09:40.667   719  2405 D WifiNl80211Manager: Scan result ready event
05-02 08:09:40.667  1535  1535 D wpa_supplicant: wlan0: nl80211: New scan results available
05-02 08:09:40.670  1535  1535 D wpa_supplicant: nl80211: Scan probed for SSID ''
05-02 08:09:40.670  1535  1535 D wpa_supplicant: nl80211: Scan included frequencies: 2447
05-02 08:09:40.670  1535  1535 D wpa_supplicant: wlan0: Event SCAN_RESULTS (3) received
05-02 08:09:40.677   719  2405 D WifiNative: Scan result ready event
05-02 08:09:40.685  1535  1535 D wpa_supplicant: nl80211: Received scan results (1 BSSes)
05-02 08:09:40.693  1535  1535 D wpa_supplicant: nl80211: Scan results indicate BSS status with 00:13:10:85:fe:01 as associated
05-02 08:09:40.698  1535  1535 D wpa_supplicant: wlan0: BSS: Start scan result update 306
05-02 08:09:40.698  1535  1535 D wpa_supplicant: BSS: last_scan_res_used=1/32
05-02 08:09:40.698  1535  1535 D wpa_supplicant: wlan0: New scan results available (own=0 ext=1)
05-02 08:09:40.699  1535  1535 D wpa_supplicant: wlan0: Do not use results from externally requested scan operation for network selection
05-02 08:09:40.699  1535  1535 D wpa_supplicant: p2p-dev-wlan0: Updating scan results from sibling
05-02 08:09:40.699  1535  1535 D wpa_supplicant: nl80211: Received scan results (1 BSSes)
05-02 08:09:40.699  1535  1535 D wpa_supplicant: p2p-dev-wlan0: BSS: Start scan result update 306
05-02 08:09:40.719  1535  1535 D wpa_supplicant: BSS: last_scan_res_used=1/32
05-02 08:09:40.719  1535  1535 D wpa_supplicant: p2p-dev-wlan0: New scan results available (own=0 ext=1)
05-02 08:09:40.720  1535  1535 D wpa_supplicant: p2p-dev-wlan0: Do not use results from externally requested scan operation for network selection
05-02 08:09:40.729   719  1169 D WifiNl80211Manager: get 1 scan results from wificond
05-02 08:09:40.730   719  1169 D WifiNative: get 1 scan results from wificond
05-02 08:09:40.787   719  1169 I WifiScanningService: singleScanResults: ClientInfo[uid=1000, package=null, attributionTag=null, com.android.server.wifi.scanner.WifiScannerInternal$ScanListener@e500196],results=1
05-02 08:09:40.800   719  1169 I WifiScanningService: singleScanResults listener: ClientInfo[uid=1000, package=android, attributionTag=null, com.android.server.wifi.scanner.WifiScannerInternal$ScanListener@338765e],results=1
05-02 08:09:40.812  3856  3939 I WifiScanner: onFullResults
05-02 08:09:40.840   719  1169 I WifiScanningService: singleScanResults listener: ClientInfo[uid=1000, package=android, attributionTag=null, com.android.server.wifi.scanner.WifiScannerInternal$ScanListener@bc9b14b],results=1
05-02 08:09:40.841   719  1169 I WifiScanningService: singleScanResults listener: ClientInfo[uid=1000, package=android, attributionTag=null, com.android.server.wifi.scanner.WifiScannerInternal$ScanListener@5c934d2],results=1
05-02 08:09:40.866   719  1169 I WifiScanningService: singleScanResults listener: ClientInfo[uid=10146, package=com.google.android.gms, attributionTag=network_location_provider, android.net.wifi.IWifiScannerListener$Stub$Proxy@469b292],results=1
05-02 08:09:40.881   719  1161 D WifiScanRequestProxy: Scan results received
05-02 08:09:40.881   719  1161 D WifiScanRequestProxy: Received 1 scan results
05-02 08:09:40.894   719  1169 I WifiScanningService: Unregistering listener= com.android.server.wifi.scanner.WifiScannerInternal$ScanListener@e500196 uid=1000 packageName=null workSource=WorkSource{1000}
05-02 08:09:40.977  1904  2002 I .apps.wellbeing: AssetManager2(0x7a9195992e98) locale list changing from [] to [en-US]
05-02 08:09:40.979   719  1161 I HalDevMgr: bestIfaceCreationProposal is null, requestIface=STA, existingIface=[name=wlan0 type=STA]
05-02 08:09:40.980   719  1161 V WifiConnectivityManager: AllSingleScanListener onResults: start network selection
05-02 08:09:40.981   719  1161 V WifiConfigManager: getSavedNetworkFromScanResult Found "AndroidWifi"NONE for AndroidWifi[[ESS]]
05-02 08:09:41.066   719  1161 D WifiNetworkSelector: Current connected network: 0
05-02 08:09:41.067   719  1161 D WifiNetworkSelector: wlan0: Current connected network already sufficient. Skip network selection.
05-02 08:09:41.096   719  1161 V WifiLastResortWatchdog: updateAvailableNetworks: size = 0
05-02 08:09:41.129   719  1161 V WifiLastResortWatchdog: mWatchdogFeatureEnabled: true
05-02 08:09:41.129   719  1161 V WifiLastResortWatchdog: mWatchdogAllowedToTrigger: true
05-02 08:09:41.129   719  1161 V WifiLastResortWatchdog: mRecentAvailableNetworks: 0
05-02 08:09:41.129   719  1161 V WifiLastResortWatchdog: mSsidFailureCount:
05-02 08:09:41.135  1904  2002 I .apps.wellbeing: AssetManager2(0x7a9195994158) locale list changing from [] to [en-US]
05-02 08:09:41.138   719  1161 V WifiConnectivityManager: AllSingleScanListener:  No candidates
05-02 08:09:41.162 13650 13650 D CompatChangeReporter: Compat change id reported: 63938206; UID 10232; state: ENABLED
05-02 08:09:41.306  1904  2002 I .apps.wellbeing: AssetManager2(0x7a9195986378) locale list changing from [] to [en-US]
05-02 08:09:41.407  1904  2002 I .apps.wellbeing: AssetManager2(0x7a91959882b8) locale list changing from [] to [en-US]
05-02 08:09:41.711  1904  2002 I .apps.wellbeing: AssetManager2(0x7a9195989ed8) locale list changing from [] to [en-US]
05-02 08:09:41.946  1904  2002 I .apps.wellbeing: AssetManager2(0x7a919598f018) locale list changing from [] to [en-US]
05-02 08:09:42.015  1904  2002 I .apps.wellbeing: AssetManager2(0x7a919598ecf8) locale list changing from [] to [en-US]
05-02 08:09:42.077  1904  2002 I .apps.wellbeing: AssetManager2(0x7a919598e9d8) locale list changing from [] to [en-US]
05-02 08:09:42.265  1904  2002 I .apps.wellbeing: AssetManager2(0x7a919598e6b8) locale list changing from [] to [en-US]
05-02 08:09:42.301  1904  2002 I .apps.wellbeing: AssetManager2(0x7a91959824f8) locale list changing from [] to [en-US]
05-02 08:09:42.487  1904  2002 I .apps.wellbeing: AssetManager2(0x7a91959853d8) locale list changing from [] to [en-US]
05-02 08:09:42.498   481   516 I netd    : tetherGetStats() -> {[]} <7.60ms>
05-02 08:09:42.562  1904  2002 I .apps.wellbeing: AssetManager2(0x7a919597a4d8) locale list changing from [] to [en-US]
05-02 08:09:42.805  1904  2002 I .apps.wellbeing: AssetManager2(0x7a9195983498) locale list changing from [] to [en-US]
05-02 08:09:42.846  1904  2002 I .apps.wellbeing: AssetManager2(0x7a9195983df8) locale list changing from [] to [en-US]
05-02 08:09:43.014  1904  2002 I .apps.wellbeing: AssetManager2(0x7a9195972af8) locale list changing from [] to [en-US]
05-02 08:09:43.049  1904  2002 I .apps.wellbeing: AssetManager2(0x7a919598be18) locale list changing from [] to [en-US]
05-02 08:09:43.084  1904  2002 I .apps.wellbeing: AssetManager2(0x7a919597efd8) locale list changing from [] to [en-US]
05-02 08:09:43.105 13650 13650 W HWUI    : Image decoding logging dropped!
05-02 08:09:43.206 13650 13650 W HWUI    : Image decoding logging dropped!
05-02 08:09:43.408 13650 13650 D CompatChangeReporter: Compat change id reported: 309578419; UID 10232; state: ENABLED
05-02 08:09:43.432  1904  2002 I .apps.wellbeing: AssetManager2(0x7a919598b198) locale list changing from [] to [en-US]
05-02 08:09:43.445 13650 13650 D DesktopModeFlags: Toggle override initialized to: OVERRIDE_UNSET
05-02 08:09:43.487   719  1161 D WifiClientModeImpl[106499:wlan0]: updateLinkLayerStatsRssiSpeedFrequencyCapabilities rssi=-50 TxLinkspeed=1 freq=2447 RxLinkSpeed=2
05-02 08:09:43.496   719  1161 D WifiDataStall: tx tput in kbps: 11000
05-02 08:09:43.498   719  1161 D WifiDataStall: rx tput in kbps: 11000
05-02 08:09:43.506   719  1161 V WifiConfigManager: Updating scan detail cache freq=2447 BSSID=00:13:10:85:fe:01 RSSI=-50 for "AndroidWifi"NONE
05-02 08:09:43.514   719  1161 D WifiThroughputPredictor:  utilization (LLS) 80 isBluetoothConnected: false final utilization: 80
05-02 08:09:43.516   719  1161 D WifiThroughputPredictor:  BW: 0 RSSI: -50 Nss: 1 Mode: 1 symDur: 4000 snrDb 30 bitPerTone: 4500 rate: 54 throughput: 11
05-02 08:09:43.516   719  1161 D WifiThroughputPredictor:  utilization (LLS) 80 isBluetoothConnected: false final utilization: 80
05-02 08:09:43.516   719  1161 D WifiThroughputPredictor:  BW: 0 RSSI: -50 Nss: 1 Mode: 1 symDur: 4000 snrDb 30 bitPerTone: 4500 rate: 54 throughput: 11
05-02 08:09:43.517   719  1161 D WifiThroughputPredictor:  utilization (LLS) 80 isBluetoothConnected: false final utilization: 80
05-02 08:09:43.517   719  1161 D WifiThroughputPredictor:  BW: 0 RSSI: -50 Nss: 1 Mode: 1 symDur: 4000 snrDb 30 bitPerTone: 4500 rate: 54 throughput: 11
05-02 08:09:43.517   719  1161 D WifiThroughputPredictor:  utilization (LLS) 80 isBluetoothConnected: false final utilization: 80
05-02 08:09:43.526   719  1161 D WifiThroughputPredictor:  BW: 0 RSSI: -50 Nss: 1 Mode: 1 symDur: 4000 snrDb 30 bitPerTone: 4500 rate: 54 throughput: 11
05-02 08:09:43.544   719  1161 D WifiScoreCard: BSSID update SIGNAL_POLL ID: 1429799060 SSID: "AndroidWifi", BSSID: 00:13:10:85:fe:01, MAC: 02:15:b2:00:00:00, IP: /10.0.2.16, Security type: 0, Supplicant state: COMPLETED, Wi-Fi standard: legacy, RSSI: -50, Link speed: 1Mbps, Tx Link speed: 1Mbps, Max Supported Tx Link speed: 11Mbps, Rx Link speed: 2Mbps, Max Supported Rx Link speed: 11Mbps, Frequency: 2447MHz, Net ID: 0, Metered hint: false, score: 60, isUsable: true, CarrierMerged: false, SubscriptionId: -1, IsPrimary: 1, Trusted: true, Restricted: false, Ephemeral: false, OEM paid: false, OEM private: false, OSU AP: false, FQDN: <none>, Provider friendly name: <none>, Requesting package name: <none>"AndroidWifi"openMLO Information: , Is TID-To-Link negotiation supported by the AP: false, AP MLD Address: <none>, AP MLO Link Id: <none>, AP MLO Affiliated links: <none>, Vendor Data: <none>
05-02 08:09:43.545   719  1161 D WifiScoreCard: txRate: 1 txSpeed: 1
05-02 08:09:43.563   719  1161 D WifiScoreCard: network update SIGNAL_POLL "AndroidWifi" ID: 1630387804 RSSI -50 txSpeed -1
05-02 08:09:43.578  1904  2002 I .apps.wellbeing: AssetManager2(0x7a919598dd58) locale list changing from [] to [en-US]
05-02 08:09:43.589   719  1161 D WifiClientModeImpl[106499:wlan0]:  ClientModeImpl$L2ConnectedState screen=on 4 0 "AndroidWifi" 00:13:10:85:fe:01 rssi=-50 f=2447 sc=60 link=1 tx=0.0, 0.0, 0.0 rx=0.0 bcn=0 [on:0 tx:0 rx:0 period:3135] from screen [on:0 period:-389076955] score=60
05-02 08:09:43.662 13650 13650 I ample.pricecart: hiddenapi: Accessing hidden method Landroid/view/ViewGroup;->makeOptionalFitsSystemWindows()V (runtime_flags=0, domain=platform, api=unsupported) from Landroidx/appcompat/widget/ViewUtils; (domain=app) using reflection: allowed
05-02 08:09:43.739  1904  2002 I .apps.wellbeing: AssetManager2(0x7a9195985d38) locale list changing from [] to [en-US]
05-02 08:09:43.889  1904  2002 I .apps.wellbeing: AssetManager2(0x7a9195975078) locale list changing from [] to [en-US]
05-02 08:09:43.973  1904  2002 I .apps.wellbeing: AssetManager2(0x7a919598cdb8) locale list changing from [] to [en-US]
05-02 08:09:44.033  1904  2002 I .apps.wellbeing: AssetManager2(0x7a91959937f8) locale list changing from [] to [en-US]
05-02 08:09:44.242  1904  2002 I .apps.wellbeing: AssetManager2(0x7a9195976018) locale list changing from [] to [en-US]
05-02 08:09:44.349  1545  1545 D BaseDepthController: setSurface:
05-02 08:09:44.349  1545  1545 D BaseDepthController: 	mWaitingOnSurfaceValidity: false
05-02 08:09:44.349  1545  1545 D BaseDepthController: 	mBaseSurface: null
05-02 08:09:44.372  1545  1545 D BaseDepthController: mSurface is null and mCurrentBlur is: 0
05-02 08:09:44.377  1904  2002 I .apps.wellbeing: AssetManager2(0x7a91959775f8) locale list changing from [] to [en-US]
05-02 08:09:44.401   719   751 W IPCThreadState: Sending oneway calls to frozen process.
05-02 08:09:44.435  1545  1545 D StateManager: goToState - fromState: Normal, toState: Normal, partial trace:
05-02 08:09:44.435  1545  1545 D StateManager: 	at com.android.launcher3.statemanager.StateManager.moveToRestState(go/retraceme 43e00d9cd0eb17b3d9dd30fc1741b1c71445c4c0f7c8c9b81300265c86c5b873:4)
05-02 08:09:44.435  1545  1545 D StateManager: 	at com.android.launcher3.statemanager.StateManager.moveToRestState(go/retraceme 43e00d9cd0eb17b3d9dd30fc1741b1c71445c4c0f7c8c9b81300265c86c5b873:1)
05-02 08:09:44.435  1545  1545 D StateManager: 	at com.android.launcher3.statemanager.StatefulActivity.onStop(go/retraceme 43e00d9cd0eb17b3d9dd30fc1741b1c71445c4c0f7c8c9b81300265c86c5b873:34)
05-02 08:09:44.458   481   516 I netd    : tetherGetStats() -> {[]} <0.71ms>
05-02 08:09:44.507  1545  1545 D StatsLog: LAUNCHER_ONSTOP
05-02 08:09:44.561  1904  2002 I .apps.wellbeing: AssetManager2(0x7a9195973a98) locale list changing from [] to [en-US]
05-02 08:09:44.615  1545  1550 W s.nexuslauncher: Suspending all threads took: 38.956ms
05-02 08:09:44.630  1904  2002 I .apps.wellbeing: AssetManager2(0x7a919596ec78) locale list changing from [] to [en-US]
05-02 08:09:44.650  1545  1545 D StatsLog: LAUNCHER_GOOGLE_SEARCH_RESTORE_LIST_SIZE_AFTER_ACTIVITY_RESTART
05-02 08:09:44.712  1545  1550 W s.nexuslauncher: Reducing the number of considered missed Gc histogram windows from 1061 to 100
05-02 08:09:44.817  1904  2002 I .apps.wellbeing: AssetManager2(0x7a9195977f58) locale list changing from [] to [en-US]
05-02 08:09:44.868  1904  2002 I .apps.wellbeing: AssetManager2(0x7a919596fc18) locale list changing from [] to [en-US]
05-02 08:09:44.887   719  2405 W IPCThreadState: Sending oneway calls to frozen process.
05-02 08:09:44.902   719  2405 W IPCThreadState: Sending oneway calls to frozen process.
05-02 08:09:44.902   719  2405 W IPCThreadState: Sending oneway calls to frozen process.
05-02 08:09:44.905   719  2405 W IPCThreadState: Sending oneway calls to frozen process.
05-02 08:09:44.905   719  2405 W IPCThreadState: Sending oneway calls to frozen process.
05-02 08:09:44.927  1904  2002 I .apps.wellbeing: AssetManager2(0x7a9195972198) locale list changing from [] to [en-US]
05-02 08:09:44.936   719  2405 W IPCThreadState: Sending oneway calls to frozen process.
05-02 08:09:44.952   719  2405 W IPCThreadState: Sending oneway calls to frozen process.
05-02 08:09:44.989   719  2405 W IPCThreadState: Sending oneway calls to frozen process.
05-02 08:09:44.989   719  2405 W IPCThreadState: Sending oneway calls to frozen process.
05-02 08:09:45.016   719  2405 W IPCThreadState: Sending oneway calls to frozen process.
05-02 08:09:45.017   719  2405 W IPCThreadState: Sending oneway calls to frozen process.
05-02 08:09:45.017   719  2405 W IPCThreadState: Sending oneway calls to frozen process.
05-02 08:09:45.018   719  2405 W IPCThreadState: Sending oneway calls to frozen process.
05-02 08:09:45.018   719  2405 W IPCThreadState: Sending oneway calls to frozen process.
05-02 08:09:45.029   719  2405 W IPCThreadState: Sending oneway calls to frozen process.
05-02 08:09:45.166  1904  2002 I .apps.wellbeing: AssetManager2(0x7a919596f2b8) locale list changing from [] to [en-US]
05-02 08:09:45.243  1904  2002 I .apps.wellbeing: AssetManager2(0x7a919597e998) locale list changing from [] to [en-US]
05-02 08:09:45.284  1904  2002 I .apps.wellbeing: AssetManager2(0x7a9195979218) locale list changing from [] to [en-US]
05-02 08:09:45.300 13650 13655 I ample.pricecart: Background concurrent mark compact GC freed 2838KB AllocSpace bytes, 4(288KB) LOS objects, 49% free, 3070KB/6141KB, paused 65.866ms,43.443ms total 712.567ms
05-02 08:09:45.333  1486  1768 D SatelliteController: iisInCarrierRoamingNbIotNtn: satellite is disabled
05-02 08:09:45.458  1904  2002 I .apps.wellbeing: AssetManager2(0x7a91959772d8) locale list changing from [] to [en-US]
05-02 08:09:46.226  1904  2002 I .apps.wellbeing: AssetManager2(0x7a919597ab18) locale list changing from [] to [en-US]
05-02 08:09:46.315  1904  2002 I .apps.wellbeing: AssetManager2(0x7a91959931b8) locale list changing from [] to [en-US]
05-02 08:09:46.462  1904  2002 I .apps.wellbeing: AssetManager2(0x7a919597fc58) locale list changing from [] to [en-US]
05-02 08:09:46.573  1904  2002 I .apps.wellbeing: AssetManager2(0x7a91959934d8) locale list changing from [] to [en-US]
05-02 08:09:46.600   719  1161 D WifiClientModeImpl[106499:wlan0]: updateLinkLayerStatsRssiSpeedFrequencyCapabilities rssi=-50 TxLinkspeed=1 freq=2447 RxLinkSpeed=2
05-02 08:09:46.612   719  1161 D WifiDataStall: tx tput in kbps: 11000
05-02 08:09:46.612   719  1161 D WifiDataStall: rx tput in kbps: 11000
05-02 08:09:46.613   719  1161 V WifiConfigManager: Updating scan detail cache freq=2447 BSSID=00:13:10:85:fe:01 RSSI=-50 for "AndroidWifi"NONE
05-02 08:09:46.613   719  1161 D WifiThroughputPredictor:  utilization (LLS) 80 isBluetoothConnected: false final utilization: 80
05-02 08:09:46.614   719  1161 D WifiThroughputPredictor:  BW: 0 RSSI: -50 Nss: 1 Mode: 1 symDur: 4000 snrDb 30 bitPerTone: 4500 rate: 54 throughput: 11
05-02 08:09:46.614   719  1161 D WifiThroughputPredictor:  utilization (LLS) 80 isBluetoothConnected: false final utilization: 80
05-02 08:09:46.614   719  1161 D WifiThroughputPredictor:  BW: 0 RSSI: -50 Nss: 1 Mode: 1 symDur: 4000 snrDb 30 bitPerTone: 4500 rate: 54 throughput: 11
05-02 08:09:46.625  1904  2002 I .apps.wellbeing: AssetManager2(0x7a91959995b8) locale list changing from [] to [en-US]
05-02 08:09:46.633   719  1161 D WifiThroughputPredictor:  utilization (LLS) 80 isBluetoothConnected: false final utilization: 80
05-02 08:09:46.633   719  1161 D WifiThroughputPredictor:  BW: 0 RSSI: -50 Nss: 1 Mode: 1 symDur: 4000 snrDb 30 bitPerTone: 4500 rate: 54 throughput: 11
05-02 08:09:46.633   719  1161 D WifiThroughputPredictor:  utilization (LLS) 80 isBluetoothConnected: false final utilization: 80
05-02 08:09:46.633   719  1161 D WifiThroughputPredictor:  BW: 0 RSSI: -50 Nss: 1 Mode: 1 symDur: 4000 snrDb 30 bitPerTone: 4500 rate: 54 throughput: 11
05-02 08:09:46.634   719  1161 D WifiScoreCard: BSSID update SIGNAL_POLL ID: 1429799060 SSID: "AndroidWifi", BSSID: 00:13:10:85:fe:01, MAC: 02:15:b2:00:00:00, IP: /10.0.2.16, Security type: 0, Supplicant state: COMPLETED, Wi-Fi standard: legacy, RSSI: -50, Link speed: 1Mbps, Tx Link speed: 1Mbps, Max Supported Tx Link speed: 11Mbps, Rx Link speed: 2Mbps, Max Supported Rx Link speed: 11Mbps, Frequency: 2447MHz, Net ID: 0, Metered hint: false, score: 60, isUsable: true, CarrierMerged: false, SubscriptionId: -1, IsPrimary: 1, Trusted: true, Restricted: false, Ephemeral: false, OEM paid: false, OEM private: false, OSU AP: false, FQDN: <none>, Provider friendly name: <none>, Requesting package name: <none>"AndroidWifi"openMLO Information: , Is TID-To-Link negotiation supported by the AP: false, AP MLD Address: <none>, AP MLO Link Id: <none>, AP MLO Affiliated links: <none>, Vendor Data: <none>
05-02 08:09:46.634   719  1161 D WifiScoreCard: txRate: 1 txSpeed: 1
05-02 08:09:46.634   719  1161 D WifiScoreCard: network update SIGNAL_POLL "AndroidWifi" ID: 1630387804 RSSI -50 txSpeed -1
05-02 08:09:46.654   719  1161 D WifiClientModeImpl[106499:wlan0]:  ClientModeImpl$L2ConnectedState screen=on 4 0 "AndroidWifi" 00:13:10:85:fe:01 rssi=-50 f=2447 sc=60 link=1 tx=0.0, 0.0, 0.0 rx=0.0 bcn=0 [on:0 tx:0 rx:0 period:3061] from screen [on:0 period:-389073890] score=60
05-02 08:09:46.657 13650 13650 D LifecycleMonitor: Lifecycle status change: com.example.pricecart.main.MainActivity@c659437 in: CREATED
05-02 08:09:46.658 13650 13650 V ActivityScenario: Update currentActivityStage to CREATED, currentActivity=com.example.pricecart.main.MainActivity@c659437
05-02 08:09:46.871  1904  2002 I .apps.wellbeing: AssetManager2(0x7a9195981eb8) locale list changing from [] to [en-US]
05-02 08:09:47.460 13650 13650 D CompatChangeReporter: Compat change id reported: 352594277; UID 10232; state: ENABLED
05-02 08:09:47.601 13650 13650 D CompatChangeReporter: Compat change id reported: 303326708; UID 10232; state: ENABLED
05-02 08:09:47.874 13650 13650 W HWUI    : Image decoding logging dropped!
05-02 08:09:48.482   719   767 I WifiService: isFeatureSupported uid=1000 returns [WIFI_FEATURE_INFRA, WIFI_FEATURE_P2P, WIFI_FEATURE_MOBILE_HOTSPOT, WIFI_FEATURE_WPA3_SAE, WIFI_FEATURE_WPA3_SUITE_B, WIFI_FEATURE_OWE, WIFI_FEATURE_DPP, WIFI_FEATURE_AP_RAND_MAC, WIFI_FEATURE_MBO, WIFI_FEATURE_FILS_SHA256, WIFI_FEATURE_FILS_SHA384, WIFI_FEATURE_SAE_PK, WIFI_FEATURE_DPP_ENROLLEE_RESPONDER, WIFI_FEATURE_PASSPOINT_TERMS_AND_CONDITIONS, WIFI_FEATURE_WFD_R2, WIFI_FEATURE_DECORATED_IDENTITY, WIFI_FEATURE_TRUST_ON_FIRST_USE, WIFI_FEATURE_SET_TLS_MINIMUM_VERSION, WIFI_FEATURE_TLS_V1_3, WIFI_FEATURE_WEP, WIFI_FEATURE_WPA_PERSONAL]
05-02 08:09:48.684   481   516 I netd    : tetherGetStats() -> {[]} <1.57ms>
